digraph FA {
  label="6 states";
  rankdir=LR;
  node [shape=doublecircle];
  3 [label="0"]
  5 [label="0"]
  6 [label="0"];
  node [shape=circle];
  1 [label=""]
  2 [label=""]
  4 [label=""];
  0 [label= "", shape=none,height=.0,width=.0];
  0 -> 1;
  1 -> 1 [label="'0'"];
  1 -> 4 [label="'1'"];
  2 -> 3 [label="'0' ~ '1'"];
  4 -> 5 [label="'0'"];
  4 -> 6 [label="'1'"];
  5 -> 1 [label="'0'"];
  5 -> 4 [label="'1'"];
  6 -> 5 [label="'0'"];
  6 -> 6 [label="'1'"];
}
