digraph FA {
  label="7 states";
  rankdir=LR;
  node [shape=doublecircle];
  1 [label="0"]
  2 [label="0"]
  4 [label="0"]
  6 [label="0"]
  7 [label="0"];
  node [shape=circle];
  3 [label=""]
  5 [label=""];
  0 [label= "", shape=none,height=.0,width=.0];
  0 -> 1;
  1 -> 1 [label="'a' ~ 'b'"];
  1 -> 7 [label="'c'"];
  2 -> 3 [label="'b' ~ 'c'"];
  2 -> 5 [label="'a'"];
  3 -> 2 [label="'a'"];
  3 -> 4 [label="'b' ~ 'c'"];
  4 -> 2 [label="'a'"];
  4 -> 4 [label="'b' ~ 'c'"];
  5 -> 3 [label="'b' ~ 'c'"];
  5 -> 5 [label="'a'"];
  6 -> 3 [label="'c'"];
  6 -> 6 [label="'a'"];
  6 -> 7 [label="'b'"];
  7 -> 4 [label="'c'"];
  7 -> 6 [label="'a'"];
  7 -> 7 [label="'b'"];
}
