digraph FA {
  rankdir=LR;
  node [shape=doublecircle]; 17 31;
  node [shape=circle]; 0 1 2 3 4 5 6 7 8 9 10 11 12 13 14 15 16 18 19 20 21 22 23 24 25 26 27 28 29 30 32 33 34 35;
  0 -> 14 [label="'h'"];
  1 -> 2 [label="'/'"];
  2 -> 23 [label="'/'"];
  3 -> 1 [label="':'"];
  4 -> 31 [label="'g'"];
  5 -> 17 [label="'l'"];
  6 -> 31 [label="'m'"];
  7 -> 5 [label="'m'"];
  8 -> 6 [label="'o'"];
  9 -> 11 [label="'p'"];
  10 -> 4 [label="'r'"];
  11 -> 3 [label="'s'"];
  12 -> 7 [label="'t'"];
  13 -> 9 [label="'t'"];
  14 -> 13 [label="'t'"];
  15 -> 34 [label="'h'"];
  16 -> 12 [label="'h'"];
  18 -> 34 [label="'r'"];
  19 -> 15 [label="'s'"];
  20 -> 35 [label="'t'"];
  21 -> 20 [label="'r'"];
  22 -> 21 [label="'a'"];
  23 -> 22 [label="'f'"];
  24 -> 8 [label="'c'"];
  24 -> 10 [label="'o'"];
  25 -> 32 [label="'h'"];
  26 -> 32 [label="'r'"];
  27 -> 25 [label="'s'"];
  28 -> 33 [label="'t'"];
  29 -> 28 [label="'r'"];
  30 -> 29 [label="'a'"];
  31 -> 30 [label="'f'"];
  32 -> 16 [label="'.'"];
  32 -> 31 [label="'/'"];
  32 -> 32 [label="'0' ~ '9'"];
  33 -> 16 [label="'.'"];
  33 -> 26 [label="'e'"];
  33 -> 27 [label="'i'"];
  33 -> 31 [label="'/'"];
  33 -> 32 [label="'0' ~ '9'"];
  33 -> 32 [label="'y'"];
  34 -> 24 [label="'.'"];
  34 -> 34 [label="'0' ~ '9'"];
  35 -> 18 [label="'e'"];
  35 -> 19 [label="'i'"];
  35 -> 24 [label="'.'"];
  35 -> 34 [label="'0' ~ '9'"];
  35 -> 34 [label="'y'"];
}
