digraph FA {
  label="5 states";
  rankdir=LR;
  node [shape=doublecircle];
  4 [label="0"];
  node [shape=circle];
  1 [label=""]
  2 [label=""]
  3 [label=""]
  5 [label=""];
  0 [label= "", shape=none,height=.0,width=.0];
  0 -> 1;
  1 -> 1 [label="'a'"];
  1 -> 4 [label="'c'"];
  1 -> 5 [label="'b'"];
  2 -> 4 [label="'c'"];
  3 -> 3 [label="'b'"];
  3 -> 4 [label="'c'"];
  5 -> 3 [label="'b'"];
  5 -> 4 [label="'c'"];
}
