SYNTAX_AST_KIND_MODULE: 1:1~20:1: 
    SYNTAX_AST_KIND_IMPORT_DECLS: -2147483648:-2147483648~-2147483647:-2147483647: 
    SYNTAX_AST_KIND_CLASS_DECLS: 1:1~20:1: 
        SYNTAX_AST_KIND_CLASS_DECL: 1:1~20:1: 
            SYNTAX_AST_KIND_STMTS: 2:3~19:17: 
                SYNTAX_AST_KIND_VAR_DECL: 2:3~2:99: 
                    SYNTAX_AST_KIND_VAR_INIT_LIST: 2:7~2:98: 
                        SYNTAX_AST_KIND_VAR_INIT: 2:7~2:98: variable: x: 
                            SYNTAX_AST_KIND_TYPE: -2147483648:-2147483648~-2147483647:-2147483647: base type: SYNTAX_TYPE_VAR, array levels: 0, child types: 
                            SYNTAX_AST_KIND_ALLOC: 2:11~2:98: 
                                SYNTAX_AST_KIND_OP: 2:43~2:98: op: SYNTAX_OP_TERNARY: 
                                    SYNTAX_AST_KIND_MEMBER_ACCESS: 2:43~2:86: member: hey: 
                                        SYNTAX_AST_KIND_OP: 2:43~2:82: op: SYNTAX_OP_ARRAY_ACCESS: 
                                            SYNTAX_AST_KIND_OP: 2:43~2:79: op: SYNTAX_OP_CALL: 
                                                SYNTAX_AST_KIND_MEMBER_ACCESS: 2:43~2:76: member: hello: 
                                                    SYNTAX_AST_KIND_OP: 2:43~2:70: op: SYNTAX_OP_CALL: 
                                                        SYNTAX_AST_KIND_IDENTIFIER: 2:43~2:43: f: 
                                                        SYNTAX_AST_KIND_EXPR_LIST: 2:45~2:69: 
                                                            SYNTAX_AST_KIND_OP: 2:45~2:60: op: SYNTAX_OP_TERNARY: 
                                                                SYNTAX_AST_KIND_LITERAL: 2:45~2:45: type SYNTAX_TYPE_I32, value 1
                                                                SYNTAX_AST_KIND_LITERAL: 2:50~2:53: type SYNTAX_TYPE_BOOL, value true
                                                                SYNTAX_AST_KIND_LITERAL: 2:60~2:60: type SYNTAX_TYPE_I32, value 2
                                                            SYNTAX_AST_KIND_OP: 2:63~2:69: op: SYNTAX_OP_BIT_XOR: 
                                                                SYNTAX_AST_KIND_LITERAL: 2:63~2:64: type SYNTAX_TYPE_I32, value 78
                                                                SYNTAX_AST_KIND_LITERAL: 2:68~2:69: type SYNTAX_TYPE_I32, value 90
                                                SYNTAX_AST_KIND_EXPR_LIST: 2:78~2:78: 
                                                    SYNTAX_AST_KIND_LITERAL: 2:78~2:78: type SYNTAX_TYPE_I32, value 4
                                            SYNTAX_AST_KIND_LITERAL: 2:81~2:81: type SYNTAX_TYPE_I32, value 5
                                    SYNTAX_AST_KIND_LITERAL: 2:91~2:91: type SYNTAX_TYPE_I32, value 3
                                    SYNTAX_AST_KIND_LITERAL: 2:98~2:98: type SYNTAX_TYPE_I32, value 4
                                SYNTAX_AST_KIND_TYPE: 2:12~2:38: base type: SYNTAX_TYPE_FUNC, array levels: 0, child types: 
                                    SYNTAX_AST_KIND_TYPE_LIST: 2:16~2:27: 
                                        SYNTAX_AST_KIND_TYPE: 2:16~2:18: base type: SYNTAX_TYPE_I32, array levels: 0, child types: 
                                        SYNTAX_AST_KIND_TYPE: 2:21~2:27: base type: SYNTAX_TYPE_I64, array levels: 2, child types: 
                                    SYNTAX_AST_KIND_TYPE: 2:33~2:38: base type: SYNTAX_TYPE_BOOL, array levels: 1, child types: 
                SYNTAX_AST_KIND_VAR_DECL: 3:3~3:59: 
                    SYNTAX_AST_KIND_VAR_INIT_LIST: 3:7~3:58: 
                        SYNTAX_AST_KIND_VAR_INIT: 3:7~3:58: variable: x: 
                            SYNTAX_AST_KIND_TYPE: -2147483648:-2147483648~-2147483647:-2147483647: base type: SYNTAX_TYPE_VAR, array levels: 0, child types: 
                            SYNTAX_AST_KIND_OP: 3:11~3:58: op: SYNTAX_OP_TERNARY: 
                                SYNTAX_AST_KIND_OP: 3:11~3:22: op: SYNTAX_OP_LOGIC_OR: 
                                    SYNTAX_AST_KIND_LITERAL: 3:11~3:14: type SYNTAX_TYPE_BOOL, value true
                                    SYNTAX_AST_KIND_LITERAL: 3:19~3:22: type SYNTAX_TYPE_BOOL, value true
                                SYNTAX_AST_KIND_OP: 3:27~3:39: op: SYNTAX_OP_LOGIC_OR: 
                                    SYNTAX_AST_KIND_LITERAL: 3:27~3:30: type SYNTAX_TYPE_BOOL, value true
                                    SYNTAX_AST_KIND_LITERAL: 3:35~3:39: type SYNTAX_TYPE_BOOL, value false
                                SYNTAX_AST_KIND_OP: 3:46~3:58: op: SYNTAX_OP_LOGIC_OR: 
                                    SYNTAX_AST_KIND_LITERAL: 3:46~3:49: type SYNTAX_TYPE_BOOL, value true
                                    SYNTAX_AST_KIND_LITERAL: 3:54~3:58: type SYNTAX_TYPE_BOOL, value false
                SYNTAX_AST_KIND_VAR_DECL: 4:3~4:60: 
                    SYNTAX_AST_KIND_VAR_INIT_LIST: 4:7~4:59: 
                        SYNTAX_AST_KIND_VAR_INIT: 4:7~4:59: variable: x: 
                            SYNTAX_AST_KIND_TYPE: -2147483648:-2147483648~-2147483647:-2147483647: base type: SYNTAX_TYPE_VAR, array levels: 0, child types: 
                            SYNTAX_AST_KIND_OP: 4:11~4:59: op: SYNTAX_OP_LOGIC_OR: 
                                SYNTAX_AST_KIND_OP: 4:11~4:41: op: SYNTAX_OP_LOGIC_OR: 
                                    SYNTAX_AST_KIND_OP: 4:11~4:23: op: SYNTAX_OP_LOGIC_AND: 
                                        SYNTAX_AST_KIND_LITERAL: 4:11~4:14: type SYNTAX_TYPE_BOOL, value true
                                        SYNTAX_AST_KIND_LITERAL: 4:20~4:23: type SYNTAX_TYPE_BOOL, value true
                                    SYNTAX_AST_KIND_OP: 4:28~4:41: op: SYNTAX_OP_LOGIC_AND: 
                                        SYNTAX_AST_KIND_LITERAL: 4:28~4:31: type SYNTAX_TYPE_BOOL, value true
                                        SYNTAX_AST_KIND_LITERAL: 4:37~4:41: type SYNTAX_TYPE_BOOL, value false
                                SYNTAX_AST_KIND_OP: 4:46~4:59: op: SYNTAX_OP_LOGIC_AND: 
                                    SYNTAX_AST_KIND_LITERAL: 4:46~4:49: type SYNTAX_TYPE_BOOL, value true
                                    SYNTAX_AST_KIND_LITERAL: 4:55~4:59: type SYNTAX_TYPE_BOOL, value false
                SYNTAX_AST_KIND_VAR_DECL: 5:3~5:36: 
                    SYNTAX_AST_KIND_VAR_INIT_LIST: 5:7~5:35: 
                        SYNTAX_AST_KIND_VAR_INIT: 5:7~5:35: variable: x: 
                            SYNTAX_AST_KIND_TYPE: -2147483648:-2147483648~-2147483647:-2147483647: base type: SYNTAX_TYPE_VAR, array levels: 0, child types: 
                            SYNTAX_AST_KIND_OP: 5:11~5:35: op: SYNTAX_OP_LOGIC_AND: 
                                SYNTAX_AST_KIND_OP: 5:11~5:25: op: SYNTAX_OP_LOGIC_AND: 
                                    SYNTAX_AST_KIND_OP: 5:11~5:15: op: SYNTAX_OP_BIT_OR: 
                                        SYNTAX_AST_KIND_LITERAL: 5:11~5:11: type SYNTAX_TYPE_I32, value 1
                                        SYNTAX_AST_KIND_LITERAL: 5:15~5:15: type SYNTAX_TYPE_I32, value 2
                                    SYNTAX_AST_KIND_OP: 5:21~5:25: op: SYNTAX_OP_BIT_OR: 
                                        SYNTAX_AST_KIND_LITERAL: 5:21~5:21: type SYNTAX_TYPE_I32, value 3
                                        SYNTAX_AST_KIND_LITERAL: 5:25~5:25: type SYNTAX_TYPE_I32, value 4
                                SYNTAX_AST_KIND_OP: 5:31~5:35: op: SYNTAX_OP_BIT_OR: 
                                    SYNTAX_AST_KIND_LITERAL: 5:31~5:31: type SYNTAX_TYPE_I32, value 5
                                    SYNTAX_AST_KIND_LITERAL: 5:35~5:35: type SYNTAX_TYPE_I32, value 6
                SYNTAX_AST_KIND_VAR_DECL: 6:3~6:32: 
                    SYNTAX_AST_KIND_VAR_INIT_LIST: 6:7~6:31: 
                        SYNTAX_AST_KIND_VAR_INIT: 6:7~6:31: variable: x: 
                            SYNTAX_AST_KIND_TYPE: -2147483648:-2147483648~-2147483647:-2147483647: base type: SYNTAX_TYPE_VAR, array levels: 0, child types: 
                            SYNTAX_AST_KIND_OP: 6:11~6:31: op: SYNTAX_OP_BIT_OR: 
                                SYNTAX_AST_KIND_OP: 6:11~6:23: op: SYNTAX_OP_BIT_OR: 
                                    SYNTAX_AST_KIND_OP: 6:11~6:15: op: SYNTAX_OP_BIT_XOR: 
                                        SYNTAX_AST_KIND_LITERAL: 6:11~6:11: type SYNTAX_TYPE_I32, value 1
                                        SYNTAX_AST_KIND_LITERAL: 6:15~6:15: type SYNTAX_TYPE_I32, value 2
                                    SYNTAX_AST_KIND_OP: 6:19~6:23: op: SYNTAX_OP_BIT_XOR: 
                                        SYNTAX_AST_KIND_LITERAL: 6:19~6:19: type SYNTAX_TYPE_I32, value 3
                                        SYNTAX_AST_KIND_LITERAL: 6:23~6:23: type SYNTAX_TYPE_I32, value 4
                                SYNTAX_AST_KIND_OP: 6:27~6:31: op: SYNTAX_OP_BIT_XOR: 
                                    SYNTAX_AST_KIND_LITERAL: 6:27~6:27: type SYNTAX_TYPE_I32, value 5
                                    SYNTAX_AST_KIND_LITERAL: 6:31~6:31: type SYNTAX_TYPE_I32, value 6
                SYNTAX_AST_KIND_VAR_DECL: 7:3~7:32: 
                    SYNTAX_AST_KIND_VAR_INIT_LIST: 7:7~7:31: 
                        SYNTAX_AST_KIND_VAR_INIT: 7:7~7:31: variable: x: 
                            SYNTAX_AST_KIND_TYPE: -2147483648:-2147483648~-2147483647:-2147483647: base type: SYNTAX_TYPE_VAR, array levels: 0, child types: 
                            SYNTAX_AST_KIND_OP: 7:11~7:31: op: SYNTAX_OP_BIT_XOR: 
                                SYNTAX_AST_KIND_OP: 7:11~7:23: op: SYNTAX_OP_BIT_XOR: 
                                    SYNTAX_AST_KIND_OP: 7:11~7:15: op: SYNTAX_OP_BIT_AND: 
                                        SYNTAX_AST_KIND_LITERAL: 7:11~7:11: type SYNTAX_TYPE_I32, value 1
                                        SYNTAX_AST_KIND_LITERAL: 7:15~7:15: type SYNTAX_TYPE_I32, value 2
                                    SYNTAX_AST_KIND_OP: 7:19~7:23: op: SYNTAX_OP_BIT_AND: 
                                        SYNTAX_AST_KIND_LITERAL: 7:19~7:19: type SYNTAX_TYPE_I32, value 3
                                        SYNTAX_AST_KIND_LITERAL: 7:23~7:23: type SYNTAX_TYPE_I32, value 4
                                SYNTAX_AST_KIND_OP: 7:27~7:31: op: SYNTAX_OP_BIT_AND: 
                                    SYNTAX_AST_KIND_LITERAL: 7:27~7:27: type SYNTAX_TYPE_I32, value 5
                                    SYNTAX_AST_KIND_LITERAL: 7:31~7:31: type SYNTAX_TYPE_I32, value 6
                SYNTAX_AST_KIND_VAR_DECL: 8:3~8:80: 
                    SYNTAX_AST_KIND_VAR_INIT_LIST: 8:7~8:79: 
                        SYNTAX_AST_KIND_VAR_INIT: 8:7~8:79: variable: x: 
                            SYNTAX_AST_KIND_TYPE: -2147483648:-2147483648~-2147483647:-2147483647: base type: SYNTAX_TYPE_VAR, array levels: 0, child types: 
                            SYNTAX_AST_KIND_OP: 8:11~8:79: op: SYNTAX_OP_GE: 
                                SYNTAX_AST_KIND_OP: 8:11~8:67: op: SYNTAX_OP_GT: 
                                    SYNTAX_AST_KIND_OP: 8:11~8:56: op: SYNTAX_OP_NEQ: 
                                        SYNTAX_AST_KIND_OP: 8:11~8:45: op: SYNTAX_OP_EQEQ: 
                                            SYNTAX_AST_KIND_OP: 8:11~8:35: op: SYNTAX_OP_LE: 
                                                SYNTAX_AST_KIND_OP: 8:11~8:25: op: SYNTAX_OP_LT: 
                                                    SYNTAX_AST_KIND_OP: 8:11~8:16: op: SYNTAX_OP_LSHIFT: 
                                                        SYNTAX_AST_KIND_LITERAL: 8:11~8:11: type SYNTAX_TYPE_I32, value 1
                                                        SYNTAX_AST_KIND_LITERAL: 8:16~8:16: type SYNTAX_TYPE_I32, value 2
                                                    SYNTAX_AST_KIND_OP: 8:20~8:25: op: SYNTAX_OP_RSHIFT: 
                                                        SYNTAX_AST_KIND_LITERAL: 8:20~8:20: type SYNTAX_TYPE_I32, value 3
                                                        SYNTAX_AST_KIND_LITERAL: 8:25~8:25: type SYNTAX_TYPE_I32, value 4
                                                SYNTAX_AST_KIND_OP: 8:30~8:35: op: SYNTAX_OP_RSHIFT: 
                                                    SYNTAX_AST_KIND_LITERAL: 8:30~8:30: type SYNTAX_TYPE_I32, value 5
                                                    SYNTAX_AST_KIND_LITERAL: 8:35~8:35: type SYNTAX_TYPE_I32, value 6
                                            SYNTAX_AST_KIND_OP: 8:40~8:45: op: SYNTAX_OP_LSHIFT: 
                                                SYNTAX_AST_KIND_LITERAL: 8:40~8:40: type SYNTAX_TYPE_I32, value 7
                                                SYNTAX_AST_KIND_LITERAL: 8:45~8:45: type SYNTAX_TYPE_I32, value 8
                                        SYNTAX_AST_KIND_OP: 8:50~8:56: op: SYNTAX_OP_RSHIFT: 
                                            SYNTAX_AST_KIND_LITERAL: 8:50~8:50: type SYNTAX_TYPE_I32, value 9
                                            SYNTAX_AST_KIND_LITERAL: 8:55~8:56: type SYNTAX_TYPE_I32, value 10
                                    SYNTAX_AST_KIND_OP: 8:60~8:67: op: SYNTAX_OP_LSHIFT: 
                                        SYNTAX_AST_KIND_LITERAL: 8:60~8:61: type SYNTAX_TYPE_I32, value 11
                                        SYNTAX_AST_KIND_LITERAL: 8:66~8:67: type SYNTAX_TYPE_I32, value 12
                                SYNTAX_AST_KIND_OP: 8:72~8:79: op: SYNTAX_OP_LSHIFT: 
                                    SYNTAX_AST_KIND_LITERAL: 8:72~8:73: type SYNTAX_TYPE_I32, value 13
                                    SYNTAX_AST_KIND_LITERAL: 8:78~8:79: type SYNTAX_TYPE_I32, value 14
                SYNTAX_AST_KIND_VAR_DECL: 9:3~9:34: 
                    SYNTAX_AST_KIND_VAR_INIT_LIST: 9:7~9:33: 
                        SYNTAX_AST_KIND_VAR_INIT: 9:7~9:33: variable: x: 
                            SYNTAX_AST_KIND_TYPE: -2147483648:-2147483648~-2147483647:-2147483647: base type: SYNTAX_TYPE_VAR, array levels: 0, child types: 
                            SYNTAX_AST_KIND_OP: 9:11~9:33: op: SYNTAX_OP_RSHIFT: 
                                SYNTAX_AST_KIND_OP: 9:11~9:24: op: SYNTAX_OP_LSHIFT: 
                                    SYNTAX_AST_KIND_OP: 9:11~9:15: op: SYNTAX_OP_ADD: 
                                        SYNTAX_AST_KIND_LITERAL: 9:11~9:11: type SYNTAX_TYPE_I32, value 1
                                        SYNTAX_AST_KIND_LITERAL: 9:15~9:15: type SYNTAX_TYPE_I32, value 2
                                    SYNTAX_AST_KIND_OP: 9:20~9:24: op: SYNTAX_OP_SUB: 
                                        SYNTAX_AST_KIND_LITERAL: 9:20~9:20: type SYNTAX_TYPE_I32, value 3
                                        SYNTAX_AST_KIND_LITERAL: 9:24~9:24: type SYNTAX_TYPE_I32, value 4
                                SYNTAX_AST_KIND_OP: 9:29~9:33: op: SYNTAX_OP_ADD: 
                                    SYNTAX_AST_KIND_LITERAL: 9:29~9:29: type SYNTAX_TYPE_I32, value 5
                                    SYNTAX_AST_KIND_LITERAL: 9:33~9:33: type SYNTAX_TYPE_I32, value 6
                SYNTAX_AST_KIND_VAR_DECL: 10:3~10:32: 
                    SYNTAX_AST_KIND_VAR_INIT_LIST: 10:7~10:31: 
                        SYNTAX_AST_KIND_VAR_INIT: 10:7~10:31: variable: x: 
                            SYNTAX_AST_KIND_TYPE: -2147483648:-2147483648~-2147483647:-2147483647: base type: SYNTAX_TYPE_VAR, array levels: 0, child types: 
                            SYNTAX_AST_KIND_OP: 10:11~10:31: op: SYNTAX_OP_SUB: 
                                SYNTAX_AST_KIND_OP: 10:11~10:23: op: SYNTAX_OP_ADD: 
                                    SYNTAX_AST_KIND_OP: 10:11~10:15: op: SYNTAX_OP_MUL: 
                                        SYNTAX_AST_KIND_LITERAL: 10:11~10:11: type SYNTAX_TYPE_I32, value 1
                                        SYNTAX_AST_KIND_LITERAL: 10:15~10:15: type SYNTAX_TYPE_I32, value 2
                                    SYNTAX_AST_KIND_OP: 10:19~10:23: op: SYNTAX_OP_DIV: 
                                        SYNTAX_AST_KIND_LITERAL: 10:19~10:19: type SYNTAX_TYPE_I32, value 3
                                        SYNTAX_AST_KIND_LITERAL: 10:23~10:23: type SYNTAX_TYPE_I32, value 4
                                SYNTAX_AST_KIND_OP: 10:27~10:31: op: SYNTAX_OP_MOD: 
                                    SYNTAX_AST_KIND_LITERAL: 10:27~10:27: type SYNTAX_TYPE_I32, value 5
                                    SYNTAX_AST_KIND_LITERAL: 10:31~10:31: type SYNTAX_TYPE_I32, value 6
                SYNTAX_AST_KIND_VAR_DECL: 11:3~11:53: 
                    SYNTAX_AST_KIND_VAR_INIT_LIST: 11:7~11:52: 
                        SYNTAX_AST_KIND_VAR_INIT: 11:7~11:52: variable: x: 
                            SYNTAX_AST_KIND_TYPE: -2147483648:-2147483648~-2147483647:-2147483647: base type: SYNTAX_TYPE_VAR, array levels: 0, child types: 
                            SYNTAX_AST_KIND_OP: 11:11~11:52: op: SYNTAX_OP_MOD: 
                                SYNTAX_AST_KIND_OP: 11:11~11:42: op: SYNTAX_OP_DIV: 
                                    SYNTAX_AST_KIND_OP: 11:11~11:29: op: SYNTAX_OP_MUL: 
                                        SYNTAX_AST_KIND_OP: 11:11~11:18: op: SYNTAX_OP_CAST_IS: 
                                            SYNTAX_AST_KIND_LITERAL: 11:11~11:11: type SYNTAX_TYPE_I32, value 1
                                            SYNTAX_AST_KIND_TYPE: 11:16~11:18: base type: SYNTAX_TYPE_I64, array levels: 0, child types: 
                                        SYNTAX_AST_KIND_OP: 11:22~11:29: op: SYNTAX_OP_CAST_AS: 
                                            SYNTAX_AST_KIND_LITERAL: 11:22~11:22: type SYNTAX_TYPE_I32, value 2
                                            SYNTAX_AST_KIND_TYPE: 11:27~11:29: base type: SYNTAX_TYPE_I32, array levels: 0, child types: 
                                    SYNTAX_AST_KIND_OP: 11:33~11:42: op: SYNTAX_OP_CAST_INTO: 
                                        SYNTAX_AST_KIND_LITERAL: 11:33~11:33: type SYNTAX_TYPE_I32, value 3
                                        SYNTAX_AST_KIND_TYPE: 11:40~11:42: base type: SYNTAX_TYPE_I16, array levels: 0, child types: 
                                SYNTAX_AST_KIND_OP: 11:46~11:52: op: SYNTAX_OP_CAST_AS: 
                                    SYNTAX_AST_KIND_LITERAL: 11:46~11:46: type SYNTAX_TYPE_I32, value 4
                                    SYNTAX_AST_KIND_TYPE: 11:51~11:52: base type: SYNTAX_TYPE_I8, array levels: 0, child types: 
                SYNTAX_AST_KIND_VAR_DECL: 12:3~12:20: 
                    SYNTAX_AST_KIND_VAR_INIT_LIST: 12:7~12:19: 
                        SYNTAX_AST_KIND_VAR_INIT: 12:7~12:19: variable: x: 
                            SYNTAX_AST_KIND_TYPE: -2147483648:-2147483648~-2147483647:-2147483647: base type: SYNTAX_TYPE_VAR, array levels: 0, child types: 
                            SYNTAX_AST_KIND_OP: 12:11~12:19: op: SYNTAX_OP_CAST_IS: 
                                SYNTAX_AST_KIND_OP: 12:11~12:12: op: SYNTAX_OP_NEG: 
                                    SYNTAX_AST_KIND_LITERAL: 12:12~12:12: type SYNTAX_TYPE_I32, value 1
                                SYNTAX_AST_KIND_TYPE: 12:17~12:19: base type: SYNTAX_TYPE_I64, array levels: 0, child types: 
                SYNTAX_AST_KIND_VAR_DECL: 13:3~13:28: 
                    SYNTAX_AST_KIND_VAR_INIT_LIST: 13:7~13:27: 
                        SYNTAX_AST_KIND_VAR_INIT: 13:7~13:27: variable: x: 
                            SYNTAX_AST_KIND_TYPE: -2147483648:-2147483648~-2147483647:-2147483647: base type: SYNTAX_TYPE_VAR, array levels: 0, child types: 
                            SYNTAX_AST_KIND_OP: 13:11~13:27: op: SYNTAX_OP_CAST_AS: 
                                SYNTAX_AST_KIND_OP: 13:11~13:19: op: SYNTAX_OP_NOT: 
                                    SYNTAX_AST_KIND_LITERAL: 13:15~13:19: type SYNTAX_TYPE_BOOL, value false
                                SYNTAX_AST_KIND_TYPE: 13:24~13:27: base type: SYNTAX_TYPE_BOOL, array levels: 0, child types: 
                SYNTAX_AST_KIND_VAR_DECL: 14:3~14:22: 
                    SYNTAX_AST_KIND_VAR_INIT_LIST: 14:7~14:21: 
                        SYNTAX_AST_KIND_VAR_INIT: 14:7~14:21: variable: x: 
                            SYNTAX_AST_KIND_TYPE: -2147483648:-2147483648~-2147483647:-2147483647: base type: SYNTAX_TYPE_VAR, array levels: 0, child types: 
                            SYNTAX_AST_KIND_OP: 14:11~14:21: op: SYNTAX_OP_CAST_INTO: 
                                SYNTAX_AST_KIND_OP: 14:11~14:12: op: SYNTAX_OP_BIT_NOT: 
                                    SYNTAX_AST_KIND_LITERAL: 14:12~14:12: type SYNTAX_TYPE_I32, value 1
                                SYNTAX_AST_KIND_TYPE: 14:19~14:21: base type: SYNTAX_TYPE_U64, array levels: 0, child types: 
                SYNTAX_AST_KIND_VAR_DECL: 15:3~15:22: 
                    SYNTAX_AST_KIND_VAR_INIT_LIST: 15:7~15:21: 
                        SYNTAX_AST_KIND_VAR_INIT: 15:7~15:21: variable: x: 
                            SYNTAX_AST_KIND_TYPE: -2147483648:-2147483648~-2147483647:-2147483647: base type: SYNTAX_TYPE_VAR, array levels: 0, child types: 
                            SYNTAX_AST_KIND_OP: 15:11~15:21: op: SYNTAX_OP_CAST_INTO: 
                                SYNTAX_AST_KIND_OP: 15:11~15:12: op: SYNTAX_OP_NEG: 
                                    SYNTAX_AST_KIND_LITERAL: 15:12~15:12: type SYNTAX_TYPE_I32, value 1
                                SYNTAX_AST_KIND_TYPE: 15:19~15:21: base type: SYNTAX_TYPE_I64, array levels: 0, child types: 
                SYNTAX_AST_KIND_VAR_DECL: 16:3~16:27: 
                    SYNTAX_AST_KIND_VAR_INIT_LIST: 16:7~16:26: 
                        SYNTAX_AST_KIND_VAR_INIT: 16:7~16:26: variable: x: 
                            SYNTAX_AST_KIND_TYPE: -2147483648:-2147483648~-2147483647:-2147483647: base type: SYNTAX_TYPE_VAR, array levels: 0, child types: 
                            SYNTAX_AST_KIND_OP: 16:11~16:26: op: SYNTAX_OP_NEG: 
                                SYNTAX_AST_KIND_OP: 16:12~16:26: op: SYNTAX_OP_CALL: 
                                    SYNTAX_AST_KIND_OP: 16:12~16:17: op: SYNTAX_OP_CALL: 
                                        SYNTAX_AST_KIND_OP: 16:12~16:14: op: SYNTAX_OP_CALL: 
                                            SYNTAX_AST_KIND_IDENTIFIER: 16:12~16:12: f: 
                                            SYNTAX_AST_KIND_EXPR_LIST: -2147483648:-2147483648~-2147483647:-2147483647: 
                                        SYNTAX_AST_KIND_EXPR_LIST: 16:16~16:16: 
                                            SYNTAX_AST_KIND_LITERAL: 16:16~16:16: type SYNTAX_TYPE_I32, value 1
                                    SYNTAX_AST_KIND_EXPR_LIST: 16:19~16:25: 
                                        SYNTAX_AST_KIND_LITERAL: 16:19~16:19: type SYNTAX_TYPE_I32, value 1
                                        SYNTAX_AST_KIND_LITERAL: 16:22~16:22: type SYNTAX_TYPE_I32, value 2
                                        SYNTAX_AST_KIND_LITERAL: 16:25~16:25: type SYNTAX_TYPE_I32, value 3
                SYNTAX_AST_KIND_VAR_DECL: 17:3~17:21: 
                    SYNTAX_AST_KIND_VAR_INIT_LIST: 17:7~17:20: 
                        SYNTAX_AST_KIND_VAR_INIT: 17:7~17:20: variable: x: 
                            SYNTAX_AST_KIND_TYPE: -2147483648:-2147483648~-2147483647:-2147483647: base type: SYNTAX_TYPE_VAR, array levels: 0, child types: 
                            SYNTAX_AST_KIND_OP: 17:11~17:20: op: SYNTAX_OP_NOT: 
                                SYNTAX_AST_KIND_OP: 17:15~17:20: op: SYNTAX_OP_ARRAY_TYPE: 
                                    SYNTAX_AST_KIND_OP: 17:15~17:18: op: SYNTAX_OP_ARRAY_ACCESS: 
                                        SYNTAX_AST_KIND_IDENTIFIER: 17:15~17:15: f: 
                                        SYNTAX_AST_KIND_LITERAL: 17:17~17:17: type SYNTAX_TYPE_I32, value 1
                SYNTAX_AST_KIND_VAR_DECL: 18:3~18:17: 
                    SYNTAX_AST_KIND_VAR_INIT_LIST: 18:7~18:16: 
                        SYNTAX_AST_KIND_VAR_INIT: 18:7~18:16: variable: x: 
                            SYNTAX_AST_KIND_TYPE: -2147483648:-2147483648~-2147483647:-2147483647: base type: SYNTAX_TYPE_VAR, array levels: 0, child types: 
                            SYNTAX_AST_KIND_OP: 18:11~18:16: op: SYNTAX_OP_BIT_NOT: 
                                SYNTAX_AST_KIND_MEMBER_ACCESS: 18:12~18:16: member: h: 
                                    SYNTAX_AST_KIND_MEMBER_ACCESS: 18:12~18:14: member: g: 
                                        SYNTAX_AST_KIND_IDENTIFIER: 18:12~18:12: f: 
                SYNTAX_AST_KIND_VAR_DECL: 19:3~19:17: 
                    SYNTAX_AST_KIND_VAR_INIT_LIST: 19:7~19:16: 
                        SYNTAX_AST_KIND_VAR_INIT: 19:7~19:16: variable: x: 
                            SYNTAX_AST_KIND_TYPE: -2147483648:-2147483648~-2147483647:-2147483647: base type: SYNTAX_TYPE_VAR, array levels: 0, child types: 
                            SYNTAX_AST_KIND_OP: 19:11~19:16: op: SYNTAX_OP_NEG: 
                                SYNTAX_AST_KIND_OP: 19:12~19:16: op: SYNTAX_OP_DEC: 
                                    SYNTAX_AST_KIND_OP: 19:12~19:14: op: SYNTAX_OP_INC: 
                                        SYNTAX_AST_KIND_IDENTIFIER: 19:12~19:12: f: 
            SYNTAX_AST_KIND_METHOD_DECLS: -2147483648:-2147483648~-2147483647:-2147483647: 
