SYNTAX_AST_KIND_MODULE: 1:1~77:1: 
    SYNTAX_AST_KIND_IMPORT_DECLS: -2147483648:-2147483648~-2147483647:-2147483647: 
    SYNTAX_AST_KIND_CLASS_DECLS: 1:1~77:1: 
        SYNTAX_AST_KIND_CLASS_DECL: 1:1~77:1: 
            SYNTAX_AST_KIND_STMTS: 3:3~76:19: 
                SYNTAX_AST_KIND_VAR_DECL: 3:3~3:36: 
                    SYNTAX_AST_KIND_VAR_INIT_LIST: 3:7~3:35: 
                        SYNTAX_AST_KIND_VAR_INIT: 3:7~3:35: variable: uvar1: 
                            SYNTAX_AST_KIND_TYPE: -2147483648:-2147483648~-2147483647:-2147483647: base type: SYNTAX_TYPE_VAR, array levels: 0, child types: 
                            SYNTAX_AST_KIND_LITERAL: 3:15~3:35: type SYNTAX_TYPE_U64, value 123456789876543210
                SYNTAX_AST_KIND_VAR_DECL: 4:3~4:19: 
                    SYNTAX_AST_KIND_VAR_INIT_LIST: 4:7~4:18: 
                        SYNTAX_AST_KIND_VAR_INIT: 4:7~4:18: variable: uvar1: 
                            SYNTAX_AST_KIND_TYPE: -2147483648:-2147483648~-2147483647:-2147483647: base type: SYNTAX_TYPE_VAR, array levels: 0, child types: 
                            SYNTAX_AST_KIND_LITERAL: 4:15~4:18: type SYNTAX_TYPE_U64, value 0
                SYNTAX_AST_KIND_VAR_DECL: 6:3~6:28: 
                    SYNTAX_AST_KIND_VAR_INIT_LIST: 6:7~6:27: 
                        SYNTAX_AST_KIND_VAR_INIT: 6:7~6:27: variable: uvar2: 
                            SYNTAX_AST_KIND_TYPE: -2147483648:-2147483648~-2147483647:-2147483647: base type: SYNTAX_TYPE_VAR, array levels: 0, child types: 
                            SYNTAX_AST_KIND_LITERAL: 6:15~6:27: type SYNTAX_TYPE_U32, value 3735928559
                SYNTAX_AST_KIND_VAR_DECL: 8:3~8:25: 
                    SYNTAX_AST_KIND_VAR_INIT_LIST: 8:7~8:24: 
                        SYNTAX_AST_KIND_VAR_INIT: 8:7~8:24: variable: ivar1: 
                            SYNTAX_AST_KIND_TYPE: -2147483648:-2147483648~-2147483647:-2147483647: base type: SYNTAX_TYPE_VAR, array levels: 0, child types: 
                            SYNTAX_AST_KIND_LITERAL: 8:15~8:24: type SYNTAX_TYPE_I32, value 90
                SYNTAX_AST_KIND_VAR_DECL: 10:3~10:20: 
                    SYNTAX_AST_KIND_VAR_INIT_LIST: 10:7~10:19: 
                        SYNTAX_AST_KIND_VAR_INIT: 10:7~10:19: variable: uvar: 
                            SYNTAX_AST_KIND_TYPE: -2147483648:-2147483648~-2147483647:-2147483647: base type: SYNTAX_TYPE_VAR, array levels: 0, child types: 
                            SYNTAX_AST_KIND_LITERAL: 10:14~10:19: type SYNTAX_TYPE_U64, value 123
                SYNTAX_AST_KIND_VAR_DECL: 11:3~11:20: 
                    SYNTAX_AST_KIND_VAR_INIT_LIST: 11:7~11:19: 
                        SYNTAX_AST_KIND_VAR_INIT: 11:7~11:19: variable: ivar: 
                            SYNTAX_AST_KIND_TYPE: -2147483648:-2147483648~-2147483647:-2147483647: base type: SYNTAX_TYPE_VAR, array levels: 0, child types: 
                            SYNTAX_AST_KIND_LITERAL: 11:14~11:19: type SYNTAX_TYPE_I64, value 123
                SYNTAX_AST_KIND_VAR_DECL: 12:3~12:20: 
                    SYNTAX_AST_KIND_VAR_INIT_LIST: 12:7~12:19: 
                        SYNTAX_AST_KIND_VAR_INIT: 12:7~12:19: variable: uvar: 
                            SYNTAX_AST_KIND_TYPE: -2147483648:-2147483648~-2147483647:-2147483647: base type: SYNTAX_TYPE_VAR, array levels: 0, child types: 
                            SYNTAX_AST_KIND_LITERAL: 12:14~12:19: type SYNTAX_TYPE_U32, value 123
                SYNTAX_AST_KIND_VAR_DECL: 13:3~13:20: 
                    SYNTAX_AST_KIND_VAR_INIT_LIST: 13:7~13:19: 
                        SYNTAX_AST_KIND_VAR_INIT: 13:7~13:19: variable: ivar: 
                            SYNTAX_AST_KIND_TYPE: -2147483648:-2147483648~-2147483647:-2147483647: base type: SYNTAX_TYPE_VAR, array levels: 0, child types: 
                            SYNTAX_AST_KIND_LITERAL: 13:14~13:19: type SYNTAX_TYPE_I32, value 123
                SYNTAX_AST_KIND_VAR_DECL: 14:3~14:20: 
                    SYNTAX_AST_KIND_VAR_INIT_LIST: 14:7~14:19: 
                        SYNTAX_AST_KIND_VAR_INIT: 14:7~14:19: variable: uvar: 
                            SYNTAX_AST_KIND_TYPE: -2147483648:-2147483648~-2147483647:-2147483647: base type: SYNTAX_TYPE_VAR, array levels: 0, child types: 
                            SYNTAX_AST_KIND_LITERAL: 14:14~14:19: type SYNTAX_TYPE_U16, value 123
                SYNTAX_AST_KIND_VAR_DECL: 15:3~15:20: 
                    SYNTAX_AST_KIND_VAR_INIT_LIST: 15:7~15:19: 
                        SYNTAX_AST_KIND_VAR_INIT: 15:7~15:19: variable: ivar: 
                            SYNTAX_AST_KIND_TYPE: -2147483648:-2147483648~-2147483647:-2147483647: base type: SYNTAX_TYPE_VAR, array levels: 0, child types: 
                            SYNTAX_AST_KIND_LITERAL: 15:14~15:19: type SYNTAX_TYPE_I16, value 123
                SYNTAX_AST_KIND_VAR_DECL: 16:3~16:19: 
                    SYNTAX_AST_KIND_VAR_INIT_LIST: 16:7~16:18: 
                        SYNTAX_AST_KIND_VAR_INIT: 16:7~16:18: variable: uvar: 
                            SYNTAX_AST_KIND_TYPE: -2147483648:-2147483648~-2147483647:-2147483647: base type: SYNTAX_TYPE_VAR, array levels: 0, child types: 
                            SYNTAX_AST_KIND_LITERAL: 16:14~16:18: type SYNTAX_TYPE_U8, value 123
                SYNTAX_AST_KIND_VAR_DECL: 17:3~17:19: 
                    SYNTAX_AST_KIND_VAR_INIT_LIST: 17:7~17:18: 
                        SYNTAX_AST_KIND_VAR_INIT: 17:7~17:18: variable: ivar: 
                            SYNTAX_AST_KIND_TYPE: -2147483648:-2147483648~-2147483647:-2147483647: base type: SYNTAX_TYPE_VAR, array levels: 0, child types: 
                            SYNTAX_AST_KIND_LITERAL: 17:14~17:18: type SYNTAX_TYPE_I8, value 123
                SYNTAX_AST_KIND_VAR_DECL: 20:3~20:19: 
                    SYNTAX_AST_KIND_VAR_INIT_LIST: 20:7~20:18: 
                        SYNTAX_AST_KIND_VAR_INIT: 20:7~20:18: variable: fvar1: 
                            SYNTAX_AST_KIND_TYPE: -2147483648:-2147483648~-2147483647:-2147483647: base type: SYNTAX_TYPE_VAR, array levels: 0, child types: 
                            SYNTAX_AST_KIND_LITERAL: 20:15~20:18: type SYNTAX_TYPE_F32, value 1.23000000000000000000e+02
                SYNTAX_AST_KIND_VAR_DECL: 21:3~21:19: 
                    SYNTAX_AST_KIND_VAR_INIT_LIST: 21:7~21:18: 
                        SYNTAX_AST_KIND_VAR_INIT: 21:7~21:18: variable: fvar2: 
                            SYNTAX_AST_KIND_TYPE: -2147483648:-2147483648~-2147483647:-2147483647: base type: SYNTAX_TYPE_VAR, array levels: 0, child types: 
                            SYNTAX_AST_KIND_LITERAL: 21:15~21:18: type SYNTAX_TYPE_F32, value 4.56000000000000016431e-01
                SYNTAX_AST_KIND_VAR_DECL: 22:3~22:22: 
                    SYNTAX_AST_KIND_VAR_INIT_LIST: 22:7~22:21: 
                        SYNTAX_AST_KIND_VAR_INIT: 22:7~22:21: variable: fvar3: 
                            SYNTAX_AST_KIND_TYPE: -2147483648:-2147483648~-2147483647:-2147483647: base type: SYNTAX_TYPE_VAR, array levels: 0, child types: 
                            SYNTAX_AST_KIND_LITERAL: 22:15~22:21: type SYNTAX_TYPE_F32, value 7.89011999999999943611e+02
                SYNTAX_AST_KIND_VAR_DECL: 23:3~23:24: 
                    SYNTAX_AST_KIND_VAR_INIT_LIST: 23:7~23:23: 
                        SYNTAX_AST_KIND_VAR_INIT: 23:7~23:23: variable: fvar4: 
                            SYNTAX_AST_KIND_TYPE: -2147483648:-2147483648~-2147483647:-2147483647: base type: SYNTAX_TYPE_VAR, array levels: 0, child types: 
                            SYNTAX_AST_KIND_LITERAL: 23:15~23:23: type SYNTAX_TYPE_F32, value 6.02299999999999975883e+23
                SYNTAX_AST_KIND_VAR_DECL: 24:3~24:29: 
                    SYNTAX_AST_KIND_VAR_INIT_LIST: 24:7~24:28: 
                        SYNTAX_AST_KIND_VAR_INIT: 24:7~24:28: variable: fvar5: 
                            SYNTAX_AST_KIND_TYPE: -2147483648:-2147483648~-2147483647:-2147483647: base type: SYNTAX_TYPE_VAR, array levels: 0, child types: 
                            SYNTAX_AST_KIND_LITERAL: 24:15~24:28: type SYNTAX_TYPE_F32, value 6.62607014999999982972e-34
                SYNTAX_AST_KIND_VAR_DECL: 25:3~25:23: 
                    SYNTAX_AST_KIND_VAR_INIT_LIST: 25:7~25:22: 
                        SYNTAX_AST_KIND_VAR_INIT: 25:7~25:22: variable: fvar6: 
                            SYNTAX_AST_KIND_TYPE: -2147483648:-2147483648~-2147483647:-2147483647: base type: SYNTAX_TYPE_VAR, array levels: 0, child types: 
                            SYNTAX_AST_KIND_LITERAL: 25:15~25:22: type SYNTAX_TYPE_F64, value 1.23450000000000000000e+04
                SYNTAX_AST_KIND_VAR_DECL: 26:3~26:28: 
                    SYNTAX_AST_KIND_VAR_INIT_LIST: 26:7~26:27: 
                        SYNTAX_AST_KIND_VAR_INIT: 26:7~26:27: variable: fvar7: 
                            SYNTAX_AST_KIND_TYPE: -2147483648:-2147483648~-2147483647:-2147483647: base type: SYNTAX_TYPE_VAR, array levels: 0, child types: 
                            SYNTAX_AST_KIND_LITERAL: 26:15~26:27: type SYNTAX_TYPE_F32, value 1.23456789000000003725e+07
                SYNTAX_AST_KIND_VAR_DECL: 27:3~27:28: 
                    SYNTAX_AST_KIND_VAR_INIT_LIST: 27:7~27:27: 
                        SYNTAX_AST_KIND_VAR_INIT: 27:7~27:27: variable: fvar8: 
                            SYNTAX_AST_KIND_TYPE: -2147483648:-2147483648~-2147483647:-2147483647: base type: SYNTAX_TYPE_VAR, array levels: 0, child types: 
                            SYNTAX_AST_KIND_LITERAL: 27:15~27:27: type SYNTAX_TYPE_F32, value 1.23456788999999993450e+01
                SYNTAX_AST_KIND_VAR_DECL: 29:3~29:23: 
                    SYNTAX_AST_KIND_VAR_INIT_LIST: 29:7~29:22: 
                        SYNTAX_AST_KIND_VAR_INIT: 29:7~29:22: variable: fvar: 
                            SYNTAX_AST_KIND_TYPE: -2147483648:-2147483648~-2147483647:-2147483647: base type: SYNTAX_TYPE_VAR, array levels: 0, child types: 
                            SYNTAX_AST_KIND_LITERAL: 29:14~29:22: type SYNTAX_TYPE_F64, value 8.99000000000000000000e+09
                SYNTAX_AST_KIND_VAR_DECL: 30:3~30:23: 
                    SYNTAX_AST_KIND_VAR_INIT_LIST: 30:7~30:22: 
                        SYNTAX_AST_KIND_VAR_INIT: 30:7~30:22: variable: fvar: 
                            SYNTAX_AST_KIND_TYPE: -2147483648:-2147483648~-2147483647:-2147483647: base type: SYNTAX_TYPE_VAR, array levels: 0, child types: 
                            SYNTAX_AST_KIND_LITERAL: 30:14~30:22: type SYNTAX_TYPE_F32, value 8.99000000000000000000e+09
                SYNTAX_AST_KIND_VAR_DECL: 33:3~33:18: 
                    SYNTAX_AST_KIND_VAR_INIT_LIST: 33:7~33:17: 
                        SYNTAX_AST_KIND_VAR_INIT: 33:7~33:17: variable: flag: 
                            SYNTAX_AST_KIND_TYPE: -2147483648:-2147483648~-2147483647:-2147483647: base type: SYNTAX_TYPE_VAR, array levels: 0, child types: 
                            SYNTAX_AST_KIND_LITERAL: 33:14~33:17: type SYNTAX_TYPE_BOOL, value true
                SYNTAX_AST_KIND_VAR_DECL: 34:3~34:25: 
                    SYNTAX_AST_KIND_VAR_INIT_LIST: 34:7~34:24: 
                        SYNTAX_AST_KIND_VAR_INIT: 34:7~34:24: variable: other_flag: 
                            SYNTAX_AST_KIND_TYPE: -2147483648:-2147483648~-2147483647:-2147483647: base type: SYNTAX_TYPE_VAR, array levels: 0, child types: 
                            SYNTAX_AST_KIND_LITERAL: 34:20~34:24: type SYNTAX_TYPE_BOOL, value false
                SYNTAX_AST_KIND_VAR_DECL: 35:3~35:17: 
                    SYNTAX_AST_KIND_VAR_INIT_LIST: 35:7~35:16: 
                        SYNTAX_AST_KIND_VAR_INIT: 35:7~35:16: variable: obj: 
                            SYNTAX_AST_KIND_TYPE: -2147483648:-2147483648~-2147483647:-2147483647: base type: SYNTAX_TYPE_VAR, array levels: 0, child types: 
                            SYNTAX_AST_KIND_LITERAL: 35:13~35:16: type SYNTAX_TYPE_THIS, value 
                SYNTAX_AST_KIND_VAR_DECL: 36:3~36:23: 
                    SYNTAX_AST_KIND_VAR_INIT_LIST: 36:7~36:22: 
                        SYNTAX_AST_KIND_VAR_INIT: 36:7~36:22: variable: other_obj: 
                            SYNTAX_AST_KIND_TYPE: -2147483648:-2147483648~-2147483647:-2147483647: base type: SYNTAX_TYPE_VAR, array levels: 0, child types: 
                            SYNTAX_AST_KIND_LITERAL: 36:19~36:22: type SYNTAX_TYPE_NULL, value 
                SYNTAX_AST_KIND_VAR_DECL: 39:3~39:77: 
                    SYNTAX_AST_KIND_VAR_INIT_LIST: 39:7~39:76: 
                        SYNTAX_AST_KIND_VAR_INIT: 39:7~39:76: variable: variable: 
                            SYNTAX_AST_KIND_TYPE: -2147483648:-2147483648~-2147483647:-2147483647: base type: SYNTAX_TYPE_VAR, array levels: 0, child types: 
                            SYNTAX_AST_KIND_IDENTIFIER: 39:18~39:76: _someMessyObject_with_mixed_cases_AND_someNumbers123456789_: 
                SYNTAX_AST_KIND_VAR_DECL: 42:3~42:27: 
                    SYNTAX_AST_KIND_VAR_INIT_LIST: 42:7~42:26: 
                        SYNTAX_AST_KIND_VAR_INIT: 42:7~42:26: variable: str1: 
                            SYNTAX_AST_KIND_TYPE: -2147483648:-2147483648~-2147483647:-2147483647: base type: SYNTAX_TYPE_VAR, array levels: 0, child types: 
                            SYNTAX_AST_KIND_LITERAL: 42:14~42:26: type SYNTAX_TYPE_STR, value "Hello world"
                SYNTAX_AST_KIND_VAR_DECL: 43:3~43:122: 
                    SYNTAX_AST_KIND_VAR_INIT_LIST: 43:7~43:121: 
                        SYNTAX_AST_KIND_VAR_INIT: 43:7~43:121: variable: str2: 
                            SYNTAX_AST_KIND_TYPE: -2147483648:-2147483648~-2147483647:-2147483647: base type: SYNTAX_TYPE_VAR, array levels: 0, child types: 
                            SYNTAX_AST_KIND_LITERAL: 43:14~43:121: type SYNTAX_TYPE_STR, value "This is a string mixed with newlines\n\n, carriage returns \r\r, tabs \t\t, and some \"quoted\" characters"
                SYNTAX_AST_KIND_VAR_DECL: 45:3~45:23: 
                    SYNTAX_AST_KIND_VAR_INIT_LIST: 45:7~45:22: 
                        SYNTAX_AST_KIND_VAR_INIT: 45:7~45:22: variable: str: 
                            SYNTAX_AST_KIND_TYPE: -2147483648:-2147483648~-2147483647:-2147483647: base type: SYNTAX_TYPE_VAR, array levels: 0, child types: 
                            SYNTAX_AST_KIND_LITERAL: 45:13~45:22: type SYNTAX_TYPE_STR, value "Hello \a"
                SYNTAX_AST_KIND_VAR_DECL: 46:3~46:23: 
                    SYNTAX_AST_KIND_VAR_INIT_LIST: 46:7~46:22: 
                        SYNTAX_AST_KIND_VAR_INIT: 46:7~46:22: variable: str: 
                            SYNTAX_AST_KIND_TYPE: -2147483648:-2147483648~-2147483647:-2147483647: base type: SYNTAX_TYPE_VAR, array levels: 0, child types: 
                            SYNTAX_AST_KIND_LITERAL: 46:13~46:22: type SYNTAX_TYPE_STR, value "Hello \b"
                SYNTAX_AST_KIND_VAR_DECL: 47:3~47:23: 
                    SYNTAX_AST_KIND_VAR_INIT_LIST: 47:7~47:22: 
                        SYNTAX_AST_KIND_VAR_INIT: 47:7~47:22: variable: str: 
                            SYNTAX_AST_KIND_TYPE: -2147483648:-2147483648~-2147483647:-2147483647: base type: SYNTAX_TYPE_VAR, array levels: 0, child types: 
                            SYNTAX_AST_KIND_LITERAL: 47:13~47:22: type SYNTAX_TYPE_STR, value "Hello \f"
                SYNTAX_AST_KIND_VAR_DECL: 48:3~48:23: 
                    SYNTAX_AST_KIND_VAR_INIT_LIST: 48:7~48:22: 
                        SYNTAX_AST_KIND_VAR_INIT: 48:7~48:22: variable: str: 
                            SYNTAX_AST_KIND_TYPE: -2147483648:-2147483648~-2147483647:-2147483647: base type: SYNTAX_TYPE_VAR, array levels: 0, child types: 
                            SYNTAX_AST_KIND_LITERAL: 48:13~48:22: type SYNTAX_TYPE_STR, value "Hello \n"
                SYNTAX_AST_KIND_VAR_DECL: 49:3~49:23: 
                    SYNTAX_AST_KIND_VAR_INIT_LIST: 49:7~49:22: 
                        SYNTAX_AST_KIND_VAR_INIT: 49:7~49:22: variable: str: 
                            SYNTAX_AST_KIND_TYPE: -2147483648:-2147483648~-2147483647:-2147483647: base type: SYNTAX_TYPE_VAR, array levels: 0, child types: 
                            SYNTAX_AST_KIND_LITERAL: 49:13~49:22: type SYNTAX_TYPE_STR, value "Hello \r"
                SYNTAX_AST_KIND_VAR_DECL: 50:3~50:23: 
                    SYNTAX_AST_KIND_VAR_INIT_LIST: 50:7~50:22: 
                        SYNTAX_AST_KIND_VAR_INIT: 50:7~50:22: variable: str: 
                            SYNTAX_AST_KIND_TYPE: -2147483648:-2147483648~-2147483647:-2147483647: base type: SYNTAX_TYPE_VAR, array levels: 0, child types: 
                            SYNTAX_AST_KIND_LITERAL: 50:13~50:22: type SYNTAX_TYPE_STR, value "Hello \t"
                SYNTAX_AST_KIND_VAR_DECL: 51:3~51:23: 
                    SYNTAX_AST_KIND_VAR_INIT_LIST: 51:7~51:22: 
                        SYNTAX_AST_KIND_VAR_INIT: 51:7~51:22: variable: str: 
                            SYNTAX_AST_KIND_TYPE: -2147483648:-2147483648~-2147483647:-2147483647: base type: SYNTAX_TYPE_VAR, array levels: 0, child types: 
                            SYNTAX_AST_KIND_LITERAL: 51:13~51:22: type SYNTAX_TYPE_STR, value "Hello \v"
                SYNTAX_AST_KIND_VAR_DECL: 52:3~52:23: 
                    SYNTAX_AST_KIND_VAR_INIT_LIST: 52:7~52:22: 
                        SYNTAX_AST_KIND_VAR_INIT: 52:7~52:22: variable: str: 
                            SYNTAX_AST_KIND_TYPE: -2147483648:-2147483648~-2147483647:-2147483647: base type: SYNTAX_TYPE_VAR, array levels: 0, child types: 
                            SYNTAX_AST_KIND_LITERAL: 52:13~52:22: type SYNTAX_TYPE_STR, value "Hello \\"
                SYNTAX_AST_KIND_VAR_DECL: 53:3~53:23: 
                    SYNTAX_AST_KIND_VAR_INIT_LIST: 53:7~53:22: 
                        SYNTAX_AST_KIND_VAR_INIT: 53:7~53:22: variable: str: 
                            SYNTAX_AST_KIND_TYPE: -2147483648:-2147483648~-2147483647:-2147483647: base type: SYNTAX_TYPE_VAR, array levels: 0, child types: 
                            SYNTAX_AST_KIND_LITERAL: 53:13~53:22: type SYNTAX_TYPE_STR, value "Hello \'"
                SYNTAX_AST_KIND_VAR_DECL: 54:3~54:23: 
                    SYNTAX_AST_KIND_VAR_INIT_LIST: 54:7~54:22: 
                        SYNTAX_AST_KIND_VAR_INIT: 54:7~54:22: variable: str: 
                            SYNTAX_AST_KIND_TYPE: -2147483648:-2147483648~-2147483647:-2147483647: base type: SYNTAX_TYPE_VAR, array levels: 0, child types: 
                            SYNTAX_AST_KIND_LITERAL: 54:13~54:22: type SYNTAX_TYPE_STR, value "Hello \""
                SYNTAX_AST_KIND_VAR_DECL: 55:3~55:23: 
                    SYNTAX_AST_KIND_VAR_INIT_LIST: 55:7~55:22: 
                        SYNTAX_AST_KIND_VAR_INIT: 55:7~55:22: variable: str: 
                            SYNTAX_AST_KIND_TYPE: -2147483648:-2147483648~-2147483647:-2147483647: base type: SYNTAX_TYPE_VAR, array levels: 0, child types: 
                            SYNTAX_AST_KIND_LITERAL: 55:13~55:22: type SYNTAX_TYPE_STR, value "Hello "
                SYNTAX_AST_KIND_VAR_DECL: 58:3~58:18: 
                    SYNTAX_AST_KIND_VAR_INIT_LIST: 58:7~58:17: 
                        SYNTAX_AST_KIND_VAR_INIT: 58:7~58:17: variable: char1: 
                            SYNTAX_AST_KIND_TYPE: -2147483648:-2147483648~-2147483647:-2147483647: base type: SYNTAX_TYPE_VAR, array levels: 0, child types: 
                            SYNTAX_AST_KIND_LITERAL: 58:15~58:17: type SYNTAX_TYPE_U8, value 70
                SYNTAX_AST_KIND_VAR_DECL: 59:3~59:18: 
                    SYNTAX_AST_KIND_VAR_INIT_LIST: 59:7~59:17: 
                        SYNTAX_AST_KIND_VAR_INIT: 59:7~59:17: variable: char2: 
                            SYNTAX_AST_KIND_TYPE: -2147483648:-2147483648~-2147483647:-2147483647: base type: SYNTAX_TYPE_VAR, array levels: 0, child types: 
                            SYNTAX_AST_KIND_LITERAL: 59:15~59:17: type SYNTAX_TYPE_U8, value 65
                SYNTAX_AST_KIND_VAR_DECL: 60:3~60:18: 
                    SYNTAX_AST_KIND_VAR_INIT_LIST: 60:7~60:17: 
                        SYNTAX_AST_KIND_VAR_INIT: 60:7~60:17: variable: char3: 
                            SYNTAX_AST_KIND_TYPE: -2147483648:-2147483648~-2147483647:-2147483647: base type: SYNTAX_TYPE_VAR, array levels: 0, child types: 
                            SYNTAX_AST_KIND_LITERAL: 60:15~60:17: type SYNTAX_TYPE_U8, value 82
                SYNTAX_AST_KIND_VAR_DECL: 61:3~61:18: 
                    SYNTAX_AST_KIND_VAR_INIT_LIST: 61:7~61:17: 
                        SYNTAX_AST_KIND_VAR_INIT: 61:7~61:17: variable: char4: 
                            SYNTAX_AST_KIND_TYPE: -2147483648:-2147483648~-2147483647:-2147483647: base type: SYNTAX_TYPE_VAR, array levels: 0, child types: 
                            SYNTAX_AST_KIND_LITERAL: 61:15~61:17: type SYNTAX_TYPE_U8, value 84
                SYNTAX_AST_KIND_VAR_DECL: 63:3~63:18: 
                    SYNTAX_AST_KIND_VAR_INIT_LIST: 63:7~63:17: 
                        SYNTAX_AST_KIND_VAR_INIT: 63:7~63:17: variable: char: 
                            SYNTAX_AST_KIND_TYPE: -2147483648:-2147483648~-2147483647:-2147483647: base type: SYNTAX_TYPE_VAR, array levels: 0, child types: 
                            SYNTAX_AST_KIND_LITERAL: 63:14~63:17: type SYNTAX_TYPE_U8, value 7
                SYNTAX_AST_KIND_VAR_DECL: 64:3~64:18: 
                    SYNTAX_AST_KIND_VAR_INIT_LIST: 64:7~64:17: 
                        SYNTAX_AST_KIND_VAR_INIT: 64:7~64:17: variable: char: 
                            SYNTAX_AST_KIND_TYPE: -2147483648:-2147483648~-2147483647:-2147483647: base type: SYNTAX_TYPE_VAR, array levels: 0, child types: 
                            SYNTAX_AST_KIND_LITERAL: 64:14~64:17: type SYNTAX_TYPE_U8, value 8
                SYNTAX_AST_KIND_VAR_DECL: 65:3~65:18: 
                    SYNTAX_AST_KIND_VAR_INIT_LIST: 65:7~65:17: 
                        SYNTAX_AST_KIND_VAR_INIT: 65:7~65:17: variable: char: 
                            SYNTAX_AST_KIND_TYPE: -2147483648:-2147483648~-2147483647:-2147483647: base type: SYNTAX_TYPE_VAR, array levels: 0, child types: 
                            SYNTAX_AST_KIND_LITERAL: 65:14~65:17: type SYNTAX_TYPE_U8, value 12
                SYNTAX_AST_KIND_VAR_DECL: 66:3~66:18: 
                    SYNTAX_AST_KIND_VAR_INIT_LIST: 66:7~66:17: 
                        SYNTAX_AST_KIND_VAR_INIT: 66:7~66:17: variable: char: 
                            SYNTAX_AST_KIND_TYPE: -2147483648:-2147483648~-2147483647:-2147483647: base type: SYNTAX_TYPE_VAR, array levels: 0, child types: 
                            SYNTAX_AST_KIND_LITERAL: 66:14~66:17: type SYNTAX_TYPE_U8, value 10
                SYNTAX_AST_KIND_VAR_DECL: 67:3~67:18: 
                    SYNTAX_AST_KIND_VAR_INIT_LIST: 67:7~67:17: 
                        SYNTAX_AST_KIND_VAR_INIT: 67:7~67:17: variable: char: 
                            SYNTAX_AST_KIND_TYPE: -2147483648:-2147483648~-2147483647:-2147483647: base type: SYNTAX_TYPE_VAR, array levels: 0, child types: 
                            SYNTAX_AST_KIND_LITERAL: 67:14~67:17: type SYNTAX_TYPE_U8, value 13
                SYNTAX_AST_KIND_VAR_DECL: 68:3~68:18: 
                    SYNTAX_AST_KIND_VAR_INIT_LIST: 68:7~68:17: 
                        SYNTAX_AST_KIND_VAR_INIT: 68:7~68:17: variable: char: 
                            SYNTAX_AST_KIND_TYPE: -2147483648:-2147483648~-2147483647:-2147483647: base type: SYNTAX_TYPE_VAR, array levels: 0, child types: 
                            SYNTAX_AST_KIND_LITERAL: 68:14~68:17: type SYNTAX_TYPE_U8, value 9
                SYNTAX_AST_KIND_VAR_DECL: 69:3~69:18: 
                    SYNTAX_AST_KIND_VAR_INIT_LIST: 69:7~69:17: 
                        SYNTAX_AST_KIND_VAR_INIT: 69:7~69:17: variable: char: 
                            SYNTAX_AST_KIND_TYPE: -2147483648:-2147483648~-2147483647:-2147483647: base type: SYNTAX_TYPE_VAR, array levels: 0, child types: 
                            SYNTAX_AST_KIND_LITERAL: 69:14~69:17: type SYNTAX_TYPE_U8, value 11
                SYNTAX_AST_KIND_VAR_DECL: 70:3~70:18: 
                    SYNTAX_AST_KIND_VAR_INIT_LIST: 70:7~70:17: 
                        SYNTAX_AST_KIND_VAR_INIT: 70:7~70:17: variable: char: 
                            SYNTAX_AST_KIND_TYPE: -2147483648:-2147483648~-2147483647:-2147483647: base type: SYNTAX_TYPE_VAR, array levels: 0, child types: 
                            SYNTAX_AST_KIND_LITERAL: 70:14~70:17: type SYNTAX_TYPE_U8, value 92
                SYNTAX_AST_KIND_VAR_DECL: 71:3~71:18: 
                    SYNTAX_AST_KIND_VAR_INIT_LIST: 71:7~71:17: 
                        SYNTAX_AST_KIND_VAR_INIT: 71:7~71:17: variable: char: 
                            SYNTAX_AST_KIND_TYPE: -2147483648:-2147483648~-2147483647:-2147483647: base type: SYNTAX_TYPE_VAR, array levels: 0, child types: 
                            SYNTAX_AST_KIND_LITERAL: 71:14~71:17: type SYNTAX_TYPE_U8, value 39
                SYNTAX_AST_KIND_VAR_DECL: 72:3~72:18: 
                    SYNTAX_AST_KIND_VAR_INIT_LIST: 72:7~72:17: 
                        SYNTAX_AST_KIND_VAR_INIT: 72:7~72:17: variable: char: 
                            SYNTAX_AST_KIND_TYPE: -2147483648:-2147483648~-2147483647:-2147483647: base type: SYNTAX_TYPE_VAR, array levels: 0, child types: 
                            SYNTAX_AST_KIND_LITERAL: 72:14~72:17: type SYNTAX_TYPE_U8, value 34
                SYNTAX_AST_KIND_VAR_DECL: 73:3~73:18: 
                    SYNTAX_AST_KIND_VAR_INIT_LIST: 73:7~73:17: 
                        SYNTAX_AST_KIND_VAR_INIT: 73:7~73:17: variable: char: 
                            SYNTAX_AST_KIND_TYPE: -2147483648:-2147483648~-2147483647:-2147483647: base type: SYNTAX_TYPE_VAR, array levels: 0, child types: 
                            SYNTAX_AST_KIND_LITERAL: 73:14~73:17: type SYNTAX_TYPE_U8, value 0
                SYNTAX_AST_KIND_VAR_DECL: 76:3~76:19: 
                    SYNTAX_AST_KIND_VAR_INIT_LIST: 76:7~76:17: 
                        SYNTAX_AST_KIND_VAR_INIT: 76:7~76:17: variable: expr: 
                            SYNTAX_AST_KIND_TYPE: -2147483648:-2147483648~-2147483647:-2147483647: base type: SYNTAX_TYPE_VAR, array levels: 0, child types: 
                            SYNTAX_AST_KIND_LITERAL: 76:15~76:17: type SYNTAX_TYPE_I32, value 123
            SYNTAX_AST_KIND_METHOD_DECLS: -2147483648:-2147483648~-2147483647:-2147483647: 
