tokenID: 0, location: 1:1 ~ 1:1, length: 1, token: <
tokenID: 1, location: 1:3 ~ 1:4, length: 2, token: <<
tokenID: 1, location: 1:6 ~ 1:7, length: 2, token: <<
tokenID: 0, location: 1:8 ~ 1:8, length: 1, token: <
tokenID: 1, location: 1:10 ~ 1:11, length: 2, token: <<
tokenID: 1, location: 1:12 ~ 1:13, length: 2, token: <<
