digraph NFA {
  rankdir=LR;
  node [shape=doublecircle]; 43;
  node [shape=circle]; 0 1 2 3 4 5 6 7 8 9 10 11 12 13 14 15 16 17 18 19 20 21 22 23 24 25 26 27 28 29 30 31 32 33 34 35 36 37 38 39 40 41 42;
  0 -> 1 [label="&epsilon;"];
  0 -> 3 [label="&epsilon;"];
  1 -> 2 [label="'A' ~ 'Z'"];
  1 -> 2 [label="'a' ~ 'z'"];
  2 -> 5 [label="&epsilon;"];
  3 -> 4 [label="'_'"];
  4 -> 5 [label="&epsilon;"];
  5 -> 6 [label="&epsilon;"];
  5 -> 8 [label="&epsilon;"];
  5 -> 10 [label="&epsilon;"];
  5 -> 12 [label="&epsilon;"];
  6 -> 7 [label="'A' ~ 'Z'"];
  6 -> 7 [label="'a' ~ 'z'"];
  7 -> 5 [label="&epsilon;"];
  7 -> 12 [label="&epsilon;"];
  8 -> 9 [label="'0' ~ '9'"];
  9 -> 5 [label="&epsilon;"];
  9 -> 12 [label="&epsilon;"];
  10 -> 11 [label="'_'"];
  11 -> 5 [label="&epsilon;"];
  11 -> 12 [label="&epsilon;"];
  12 -> 13 [label="'('"];
  13 -> 14 [label="&epsilon;"];
  14 -> 15 [label="&epsilon;"];
  14 -> 16 [label="&epsilon;"];
  15 -> 42 [label="&epsilon;"];
  16 -> 17 [label="&epsilon;"];
  16 -> 19 [label="&epsilon;"];
  17 -> 18 [label="'A' ~ 'Z'"];
  17 -> 18 [label="'a' ~ 'z'"];
  18 -> 21 [label="&epsilon;"];
  19 -> 20 [label="'_'"];
  20 -> 21 [label="&epsilon;"];
  21 -> 22 [label="&epsilon;"];
  21 -> 24 [label="&epsilon;"];
  21 -> 26 [label="&epsilon;"];
  21 -> 28 [label="&epsilon;"];
  22 -> 23 [label="'A' ~ 'Z'"];
  22 -> 23 [label="'a' ~ 'z'"];
  23 -> 21 [label="&epsilon;"];
  23 -> 28 [label="&epsilon;"];
  24 -> 25 [label="'0' ~ '9'"];
  25 -> 21 [label="&epsilon;"];
  25 -> 28 [label="&epsilon;"];
  26 -> 27 [label="'_'"];
  27 -> 21 [label="&epsilon;"];
  27 -> 28 [label="&epsilon;"];
  28 -> 29 [label="','"];
  28 -> 42 [label="&epsilon;"];
  29 -> 30 [label="&epsilon;"];
  30 -> 31 [label="&epsilon;"];
  30 -> 33 [label="&epsilon;"];
  31 -> 32 [label="'A' ~ 'Z'"];
  31 -> 32 [label="'a' ~ 'z'"];
  32 -> 35 [label="&epsilon;"];
  33 -> 34 [label="'_'"];
  34 -> 35 [label="&epsilon;"];
  35 -> 28 [label="&epsilon;"];
  35 -> 36 [label="&epsilon;"];
  35 -> 38 [label="&epsilon;"];
  35 -> 40 [label="&epsilon;"];
  35 -> 42 [label="&epsilon;"];
  36 -> 37 [label="'A' ~ 'Z'"];
  36 -> 37 [label="'a' ~ 'z'"];
  37 -> 28 [label="&epsilon;"];
  37 -> 35 [label="&epsilon;"];
  37 -> 42 [label="&epsilon;"];
  38 -> 39 [label="'0' ~ '9'"];
  39 -> 28 [label="&epsilon;"];
  39 -> 35 [label="&epsilon;"];
  39 -> 42 [label="&epsilon;"];
  40 -> 41 [label="'_'"];
  41 -> 28 [label="&epsilon;"];
  41 -> 35 [label="&epsilon;"];
  41 -> 42 [label="&epsilon;"];
  42 -> 43 [label="')'"];
}
