[31;1m[Error][0m f_for_stmt.fart:6: identifier [31;1mi[0m is not defined
    6 |     for ; [31;1mi[0m < 5; i++ {} # error
[31;1m[Error][0m f_for_stmt.fart:6: identifier [31;1mi[0m is not defined
    6 |     for ; i < 5; [31;1mi[0m++ {} # error
[31;1m[Error][0m f_for_stmt.fart:11: expected type bool, got type [31;1mvoid[0m instead
   11 |     for this.f(); [31;1mthis.f()[0m; this.f() {} # error
[31;1m[Error][0m f_for_stmt.fart:12: expected type bool, got type [31;1mi32[0m instead
   12 |     for var i = 0; [31;1mi[0m; i++ {} # error
[31;1m[Error][0m f_for_stmt.fart:13: expected type bool, got type [31;1mf32[0m instead
   13 |     for ; [31;1m3 + 5.[0m; i++ {} # error
[31;1m[Error][0m f_for_stmt.fart:13: identifier [31;1mi[0m is not defined
   13 |     for ; 3 + 5.; [31;1mi[0m++ {} # error
[31;1m[Error][0m f_for_stmt.fart:16: reuse of identifier [31;1mi[0m for variable declaration
   16 |     for var i = 0, j = 5, [31;1mi[0m = 3; ; {} # error
[31;1m[Error][0m f_for_stmt.fart:18: assignment expresssion of type [31;1mbool[0m cannot be implictly cast to LHS type [32;1mi32[0m
   18 |     for [32;1mx[0m = [31;1mtrue[0m; ; {} # error
[31;1m[Error][0m f_for_stmt.fart:27: reuse of identifier [31;1mx[0m for variable declaration
   27 |     for var [31;1mx[0m = 0; ; {} # error
[31;1m[Error][0m f_for_stmt.fart:28: expected type bool, got type [31;1mi32[0m instead
   28 |     for var i = 0; [31;1mi[0m; i++ { # correct
[31;1m[Error][0m f_for_stmt.fart:32: identifier [31;1mk[0m is not defined
   32 |       i += [31;1mk[0m; # error
[31;1m[Error][0m f_for_stmt.fart:33: identifier [31;1mj[0m is not defined
   33 |       i += [31;1mj[0m; # error
[31;1m[Error][0m f_for_stmt.fart:35: identifier [31;1mi[0m is not defined
   35 |     x += [31;1mi[0m; # error
[31;1m[Error][0m f_for_stmt.fart:40: reuse of identifier [31;1mlabel1[0m for label declaration
   40 |       [31;1m> label1:[0m # error
[31;1m[Error][0m f_for_stmt.fart:41: reuse of identifier [31;1mlabel1[0m for variable declaration
   41 |       var [31;1mlabel1[0m = 10; # error
[31;1m[Error][0m f_for_stmt.fart:44: reuse of identifier [31;1mlabel2[0m for label declaration
   44 |         [31;1m> label2:[0m # error
[31;1m[Error][0m f_for_stmt.fart:53: reuse of identifier [31;1mx[0m for label declaration
   53 |     [31;1m> x:[0m # error
[31;1m[Error][0m f_for_stmt.fart:57: [31;1mlabel[0m is not used in a break statement
   57 |       [31;1mlabel[0m = 10; # error
[31;1m[Error][0m f_for_stmt.fart:58: [31;1mlabel[0m is not used in a break statement
   58 |       x = [31;1mlabel[0m; # error
[31;1m[Error][0m f_for_stmt.fart:59: [31;1mlabel[0m is not used in a break statement
   59 |       x = [31;1mlabel[0m.foo; # error
[31;1m[Error][0m f_for_stmt.fart:60: [31;1mlabel[0m is not used in a break statement
   60 |       [31;1mlabel[0m(1, 2, 3); # error
